{
  "gateway": {
    "mode": "local",
    "auth": {
      "mode": "token",
      "token": "b22cb772d5bc4bc42b28f2b8f9af311cb6fcc042051a14fd"
    },
    "port": 19800,
    "bind": "loopback"
  },
  "agents": {
    "defaults": {
      "workspace": "/Users/shijunhang/.openclaw/workspace-jingwen",
      "model": {
        "primary": "deepseek/deepseek-v4-pro"
      }
    }
  },
  "models": {
    "mode": "merge",
    "providers": {
      "deepseek": {
        "baseUrl": "https://api.deepseek.com",
        "api": "openai-completions",
        "models": [
          {
            "id": "deepseek-v4-pro",
            "name": "DeepSeek V4 Pro",
            "reasoning": true,
            "input": [
              "text"
            ],
            "cost": {
              "input": 1.74,
              "output": 3.48,
              "cacheRead": 0.145,
              "cacheWrite": 0
            },
            "contextWindow": 1000000,
            "maxTokens": 384000,
            "compat": {
              "supportsReasoningEffort": true,
              "supportsUsageInStreaming": true,
              "maxTokensField": "max_tokens"
            },
            "api": "openai-completions"
          }
        ]
      }
    }
  },
  "auth": {
    "profiles": {
      "deepseek:default": {
        "provider": "deepseek",
        "mode": "api_key"
      }
    }
  },
  "plugins": {
    "entries": {
      "deepseek": {
        "enabled": true
      },
      "qqbot": {
        "enabled": true
      }
    }
  },
  "channels": {
    "qqbot": {
      "enabled": true,
      "allowFrom": [
        "*"
      ],
      "appId": "1903601165",
      "clientSecret": "JMPTXciov2AIRblw7JViwAPeuARj1Kdx"
    }
  }
}